nohup: ignoring input
C:\Users\User\AppData\Roaming\Python\Python313\site-packages\requests\__init__.py:113: RequestsDependencyWarning: urllib3 (2.7.0) or chardet (7.6.0)/charset_normalizer (3.5.1) doesn't match a supported version!
  warnings.warn(
C:\Users\User\AppData\Roaming\Python\Python313\site-packages\flask_rq2\__init__.py:11: UserWarning: pkg_resources is deprecated as an API. See https://setuptools.pypa.io/en/latest/pkg_resources.html. The pkg_resources package is slated for removal as early as 2025-11-30. Refrain from using this package or pin to Setuptools<81.
  from pkg_resources import get_distribution, DistributionNotFound
C:\Users\User\AppData\Roaming\Python\Python313\site-packages\flask_limiter\extension.py:330: UserWarning: Using the in-memory storage for tracking rate limits as no storage was explicitly specified. This is not recommended for production use. See: https://flask-limiter.readthedocs.io#configuring-a-storage-backend for documentation about configuring the storage backend.
  warnings.warn(
 * Serving Flask app 'appname'
 * Debug mode: on
WARNING: This is a development server. Do not use it in a production deployment. Use a production WSGI server instead.
 * Running on http://127.0.0.1:5000
Press CTRL+C to quit
 * Restarting with stat
C:\Users\User\AppData\Roaming\Python\Python313\site-packages\requests\__init__.py:113: RequestsDependencyWarning: urllib3 (2.7.0) or chardet (7.6.0)/charset_normalizer (3.5.1) doesn't match a supported version!
  warnings.warn(
C:\Users\User\AppData\Roaming\Python\Python313\site-packages\flask_rq2\__init__.py:11: UserWarning: pkg_resources is deprecated as an API. See https://setuptools.pypa.io/en/latest/pkg_resources.html. The pkg_resources package is slated for removal as early as 2025-11-30. Refrain from using this package or pin to Setuptools<81.
  from pkg_resources import get_distribution, DistributionNotFound
C:\Users\User\AppData\Roaming\Python\Python313\site-packages\flask_limiter\extension.py:330: UserWarning: Using the in-memory storage for tracking rate limits as no storage was explicitly specified. This is not recommended for production use. See: https://flask-limiter.readthedocs.io#configuring-a-storage-backend for documentation about configuring the storage backend.
  warnings.warn(
 * Debugger is active!
 * Debugger PIN: 419-466-474
